# Log: 20260520_222902_calibrate.log
# Started: 2026-05-20T22:29:02
# Command: calibrator.py --samples 113
# PID: 211221
------------------------------------------------------------
[Log] Writing to /mnt/c/BA/00-project/brio_fast_pipeline/logs/20260520_222902_calibrate.log
[Calibrate] Loaded 14 poses from sample 113
[Calibrate] Rig saved: 14 cameras, 1 reference runs
[Calibrate] → /mnt/c/BA/00-project/brio_fast_pipeline/calibration/rig_poses.pkl

Rig model summary:
  Cameras : 14
  Sources : [113]
  Pose[0] :
[[ 1.00000000e+00 -5.64926308e-17 -1.67838235e-16  0.00000000e+00]
 [ 9.04049183e-18  1.00000000e+00 -9.90431754e-17  0.00000000e+00]
 [ 1.25512945e-17 -1.17380635e-17  1.00000000e+00  1.17093835e-17]
 [ 0.00000000e+00  0.00000000e+00  0.00000000e+00  1.00000000e+00]]
  K[0]    :
[[472.34924316   0.         256.        ]
 [  0.         472.34924316 192.        ]
 [  0.           0.           1.        ]]
